Sep 25 03:30:14 Quigly systemd-modules-load[114]: Inserted module 'i2c_dev'
Sep 25 03:30:14 Quigly systemd-modules-load[114]: Inserted module 'cuse'
Sep 25 03:30:14 Quigly systemd-modules-load[114]: Failed to find module 'spi-dev'
Sep 25 03:30:14 Quigly systemd-modules-load[114]: Inserted module 'i2c_bcm2708'
Sep 25 03:30:14 Quigly systemd[1]: systemd-modules-load.service: Main process exited, code=exited, status=1/FAILURE
Sep 25 03:30:14 Quigly systemd[1]: Failed to start Load Kernel Modules.
Sep 25 03:30:14 Quigly systemd[1]: systemd-modules-load.service: Unit entered failed state.
Sep 25 03:30:14 Quigly systemd[1]: systemd-modules-load.service: Failed with result 'exit-code'.
Sep 25 03:30:14 Quigly systemd[1]: Starting Apply Kernel Variables...
Sep 25 03:30:14 Quigly systemd[1]: Mounting FUSE Control File System...
Sep 25 03:30:14 Quigly systemd[1]: Mounting Configuration File System...
Sep 25 03:30:14 Quigly systemd[1]: Mounted FUSE Control File System.
Sep 25 03:30:14 Quigly systemd[1]: Mounted Configuration File System.
Sep 25 03:30:14 Quigly systemd[1]: Started Apply Kernel Variables.
Sep 25 03:30:14 Quigly fake-hwclock[117]: Wed 25 Sep 03:30:11 UTC 2019
Sep 25 03:30:14 Quigly systemd[1]: Time has been changed
Sep 25 03:30:14 Quigly systemd[1]: Started Restore / save the current clock.
Sep 25 03:30:14 Quigly systemd-fsck[112]: e2fsck 1.43.4 (31-Jan-2017)
Sep 25 03:30:14 Quigly systemd[1]: Started Create Static Device Nodes in /dev.
Sep 25 03:30:14 Quigly systemd[1]: Starting udev Kernel Device Manager...
Sep 25 03:30:14 Quigly systemd-fsck[112]: rootfs: clean, 140920/479552 files, 1218810/1925632 blocks
Sep 25 03:30:14 Quigly systemd[1]: Started File System Check on Root Device.
Sep 25 03:30:14 Quigly systemd[1]: Starting Remount Root and Kernel File Systems...
Sep 25 03:30:14 Quigly systemd[1]: Started Remount Root and Kernel File Systems.
Sep 25 03:30:14 Quigly systemd[1]: Starting udev Coldplug all Devices...
Sep 25 03:30:14 Quigly systemd[1]: Starting Flush Journal to Persistent Storage...
Sep 25 03:30:14 Quigly systemd[1]: Starting Load/Save Random Seed...
Sep 25 03:30:14 Quigly systemd[1]: Started Set the console keyboard layout.
Sep 25 03:30:14 Quigly systemd[1]: Started Flush Journal to Persistent Storage.
Sep 25 03:30:14 Quigly systemd[1]: Started Load/Save Random Seed.
Sep 25 03:30:14 Quigly systemd[1]: Reached target Local File Systems (Pre).
Sep 25 03:30:14 Quigly systemd[1]: Started udev Kernel Device Manager.
Sep 25 03:30:14 Quigly systemd-udevd[176]: Process '/bin/mount -t fusectl fusectl /sys/fs/fuse/connections' failed with exit code 32.
Sep 25 03:30:14 Quigly systemd[1]: Started udev Coldplug all Devices.
Sep 25 03:30:14 Quigly systemd[1]: Starting Show Plymouth Boot Screen...
Sep 25 03:30:14 Quigly systemd-udevd[183]: Process '/bin/mount -t fusectl fusectl /sys/fs/fuse/connections' failed with exit code 32.
Sep 25 03:30:14 Quigly systemd[1]: Found device /dev/serial1.
Sep 25 03:30:14 Quigly systemd[1]: Received SIGRTMIN+20 from PID 203 (plymouthd).
Sep 25 03:30:14 Quigly systemd[1]: Started Show Plymouth Boot Screen.
Sep 25 03:30:14 Quigly systemd[1]: Started Forward Password Requests to Plymouth Directory Watch.
Sep 25 03:30:14 Quigly systemd[1]: Reached target Paths.
Sep 25 03:30:14 Quigly systemd[1]: Reached target Encrypted Volumes.
Sep 25 03:30:14 Quigly systemd[1]: Reached target Sound Card.
Sep 25 03:30:14 Quigly mtp-probe: checking bus 1, device 3: "/sys/devices/platform/soc/3f980000.usb/usb1/1-1/1-1.1"
Sep 25 03:30:14 Quigly mtp-probe: checking bus 1, device 4: "/sys/devices/platform/soc/3f980000.usb/usb1/1-1/1-1.4"
Sep 25 03:30:14 Quigly mtp-probe: bus: 1, device: 4 was not an MTP device
Sep 25 03:30:14 Quigly mtp-probe: bus: 1, device: 3 was not an MTP device
Sep 25 03:30:14 Quigly systemd[1]: Listening on Load/Save RF Kill Switch Status /dev/rfkill Watch.
Sep 25 03:30:14 Quigly systemd[1]: Found device /dev/disk/by-partuuid/bd278ae8-01.
Sep 25 03:30:14 Quigly systemd[1]: Starting File System Check on /dev/disk/by-partuuid/bd278ae8-01...
Sep 25 03:30:14 Quigly systemd[1]: Found device SMSC9512/9514 Fast Ethernet Adapter.
Sep 25 03:30:14 Quigly systemd-fsck[255]: fsck.fat 4.1 (2017-01-24)
Sep 25 03:30:14 Quigly systemd-fsck[255]: /dev/mmcblk0p1: 158 files, 10799/21352 clusters
Sep 25 03:30:14 Quigly systemd[1]: Started File System Check on /dev/disk/by-partuuid/bd278ae8-01.
Sep 25 03:30:14 Quigly systemd[1]: boot.mount: Directory /boot to mount over is not empty, mounting anyway.
Sep 25 03:30:14 Quigly systemd[1]: Mounting /boot...
Sep 25 03:30:14 Quigly systemd[1]: Mounted /boot.
Sep 25 03:30:14 Quigly systemd[1]: Found device /sys/subsystem/net/devices/wlan0.
Sep 25 03:30:14 Quigly systemd[1]: Reached target Local File Systems.
Sep 25 03:30:14 Quigly systemd[1]: Started ifup for eth0.
Sep 25 03:30:14 Quigly systemd[1]: Starting Create Volatile Files and Directories...
Sep 25 03:30:14 Quigly systemd[1]: Starting Tell Plymouth To Write Out Runtime Data...
Sep 25 03:30:14 Quigly systemd[1]: Starting Raise network interfaces...
Sep 25 03:30:14 Quigly systemd[1]: Starting Preprocess NFS configuration...
Sep 25 03:30:14 Quigly systemd[1]: Started ifup for wlan0.
Sep 25 03:30:14 Quigly systemd[1]: Starting Set console font and keymap...
Sep 25 03:30:14 Quigly systemd[1]: Started Tell Plymouth To Write Out Runtime Data.
Sep 25 03:30:14 Quigly systemd[1]: Started Preprocess NFS configuration.
Sep 25 03:30:14 Quigly systemd[1]: Reached target NFS client services.
Sep 25 03:30:14 Quigly systemd[1]: Reached target Remote File Systems (Pre).
Sep 25 03:30:14 Quigly systemd[1]: Reached target Remote File Systems.
Sep 25 03:30:14 Quigly systemd[1]: Started Set console font and keymap.
Sep 25 03:30:14 Quigly systemd[1]: Started Create Volatile Files and Directories.
Sep 25 03:30:14 Quigly systemd[1]: Starting Network Time Synchronization...
Sep 25 03:30:14 Quigly systemd[1]: Starting Update UTMP about System Boot/Shutdown...
Sep 25 03:30:14 Quigly systemd[1]: Started Update UTMP about System Boot/Shutdown.
Sep 25 03:30:14 Quigly dhclient[332]: Internet Systems Consortium DHCP Client 4.3.5
Sep 25 03:30:14 Quigly sh[277]: Internet Systems Consortium DHCP Client 4.3.5
Sep 25 03:30:14 Quigly sh[277]: Copyright 2004-2016 Internet Systems Consortium.
Sep 25 03:30:14 Quigly sh[277]: All rights reserved.
Sep 25 03:30:14 Quigly sh[277]: For info, please visit https://www.isc.org/software/dhcp/
Sep 25 03:30:14 Quigly systemd[1]: Started Network Time Synchronization.
Sep 25 03:30:14 Quigly dhclient[332]: Copyright 2004-2016 Internet Systems Consortium.
Sep 25 03:30:14 Quigly ifup[299]: ifup: waiting for lock on /run/network/ifstate.wlan0
Sep 25 03:30:14 Quigly systemd[1]: Reached target System Initialization.
Sep 25 03:30:14 Quigly dhclient[332]: All rights reserved.
Sep 25 03:30:14 Quigly systemd[1]: Started Daily Cleanup of Temporary Directories.
Sep 25 03:30:14 Quigly dhclient[332]: For info, please visit https://www.isc.org/software/dhcp/
Sep 25 03:30:14 Quigly systemd[1]: Listening on triggerhappy.socket.
Sep 25 03:30:14 Quigly dhclient[332]: 
Sep 25 03:30:14 Quigly systemd[1]: Listening on D-Bus System Message Bus Socket.
Sep 25 03:30:14 Quigly systemd[1]: Listening on Avahi mDNS/DNS-SD Stack Activation Socket.
Sep 25 03:30:14 Quigly systemd[1]: Reached target Sockets.
Sep 25 03:30:14 Quigly systemd[1]: Reached target Basic System.
Sep 25 03:30:14 Quigly systemd[1]: Started Regular background program processing daemon.
Sep 25 03:30:14 Quigly systemd[1]: Starting LSB: Start Motion detection...
Sep 25 03:30:14 Quigly systemd[1]: Starting Save/Restore Sound Card State...
Sep 25 03:30:14 Quigly systemd[1]: Starting LSB: Starts LIRC daemon....
Sep 25 03:30:14 Quigly systemd[1]: Starting LSB: Autogenerate and use a swap file...
Sep 25 03:30:14 Quigly cron[370]: (CRON) INFO (pidfile fd = 3)
Sep 25 03:30:14 Quigly systemd[1]: Started GoPiGo3 Power service.
Sep 25 03:30:14 Quigly systemd[1]: Starting Login Service...
Sep 25 03:30:14 Quigly systemd[1]: Starting Robot Detection And Maintenance...
Sep 25 03:30:14 Quigly systemd[1]: Started Continuous logger.
Sep 25 03:30:14 Quigly systemd[1]: Starting devmon Service...
Sep 25 03:30:14 Quigly cron[370]: (CRON) INFO (Running @reboot jobs)
Sep 25 03:30:14 Quigly systemd[1]: Starting Configure Bluetooth Modems connected by UART...
Sep 25 03:30:14 Quigly systemd[1]: Starting triggerhappy global hotkey daemon...
Sep 25 03:30:14 Quigly systemd[1]: Started D-Bus System Message Bus.
Sep 25 03:30:14 Quigly dhclient[332]: Listening on LPF/eth0/b8:27:eb:ba:79:d5
Sep 25 03:30:14 Quigly sh[277]: Listening on LPF/eth0/b8:27:eb:ba:79:d5
Sep 25 03:30:14 Quigly sh[277]: Sending on   LPF/eth0/b8:27:eb:ba:79:d5
Sep 25 03:30:14 Quigly sh[277]: Sending on   Socket/fallback
Sep 25 03:30:14 Quigly sh[277]: DHCPDISCOVER on eth0 to 255.255.255.255 port 67 interval 3
Sep 25 03:30:14 Quigly dhclient[332]: Sending on   LPF/eth0/b8:27:eb:ba:79:d5
Sep 25 03:30:14 Quigly dhclient[332]: Sending on   Socket/fallback
Sep 25 03:30:14 Quigly dhclient[332]: DHCPDISCOVER on eth0 to 255.255.255.255 port 67 interval 3
Sep 25 03:30:14 Quigly btuart[394]: Can't get port settings: Input/output error
Sep 25 03:30:14 Quigly btuart[394]: Can't initialize device: Input/output error
Sep 25 03:30:14 Quigly thd[396]: Found socket passed from systemd
Sep 25 03:30:14 Quigly bash[393]: ========================================
Sep 25 03:30:14 Quigly bash[393]: Removing USB-Drive symlinks for user=pi
Sep 25 03:30:14 Quigly systemd[1]: Starting dhcpcd on all interfaces...
Sep 25 03:30:14 Quigly systemd[1]: Starting System Logging Service...
Sep 25 03:30:14 Quigly systemd[1]: Starting LSB: Starts the LIRCD daemon....
Sep 25 03:30:14 Quigly systemd[1]: Starting LSB: Switch to ondemand cpu governor (unless shift key is pressed)...
Sep 25 03:30:14 Quigly systemd[1]: Starting Avahi mDNS/DNS-SD Stack...
Sep 25 03:30:14 Quigly systemd[1]: Starting Disable WiFi if country not set...
Sep 25 03:30:14 Quigly systemd[1]: Reached target System Time Synchronized.
Sep 25 03:30:14 Quigly dhcpcd[440]: Not running dhcpcd because /etc/network/interfaces
Sep 25 03:30:14 Quigly dhcpcd[440]: defines some interfaces that will use a
Sep 25 03:30:14 Quigly dhcpcd[440]: DHCP client or static address
Sep 25 03:30:14 Quigly systemd[1]: apt-daily.timer: Adding 2h 46min 32.335651s random time.
Sep 25 03:30:14 Quigly systemd[1]: Started Daily apt download activities.
Sep 25 03:30:14 Quigly systemd[1]: apt-daily-upgrade.timer: Adding 32min 27.419450s random time.
Sep 25 03:30:14 Quigly systemd[1]: Started Daily apt upgrade and clean activities.
Sep 25 03:30:14 Quigly systemd[1]: Reached target Timers.
Sep 25 03:30:14 Quigly systemd[1]: Started triggerhappy global hotkey daemon.
Sep 25 03:30:14 Quigly systemd[1]: Started Save/Restore Sound Card State.
Sep 25 03:30:14 Quigly systemd[1]: hciuart.service: Control process exited, code=exited status=1
Sep 25 03:30:14 Quigly systemd[1]: Failed to start Configure Bluetooth Modems connected by UART.
Sep 25 03:30:14 Quigly systemd[1]: hciuart.service: Unit entered failed state.
Sep 25 03:30:14 Quigly systemd[1]: hciuart.service: Failed with result 'exit-code'.
Sep 25 03:30:14 Quigly systemd[1]: dhcpcd.service: Control process exited, code=exited status=6
Sep 25 03:30:14 Quigly systemd[1]: Failed to start dhcpcd on all interfaces.
Sep 25 03:30:14 Quigly systemd[1]: dhcpcd.service: Unit entered failed state.
Sep 25 03:30:14 Quigly systemd[1]: dhcpcd.service: Failed with result 'exit-code'.
Sep 25 03:30:14 Quigly systemd[1]: Started Disable WiFi if country not set.
Sep 25 03:30:14 Quigly avahi-daemon[444]: Found user 'avahi' (UID 108) and group 'avahi' (GID 112).
Sep 25 03:30:14 Quigly avahi-daemon[444]: Successfully dropped root privileges.
Sep 25 03:30:14 Quigly avahi-daemon[444]: avahi-daemon 0.6.32 starting up.
Sep 25 03:30:14 Quigly liblogging-stdlog:  [origin software="rsyslogd" swVersion="8.24.0" x-pid="441" x-info="http://www.rsyslog.com"] start
Sep 25 03:30:14 Quigly kernel: [    0.000000] Booting Linux on physical CPU 0x0
Sep 25 03:30:14 Quigly kernel: [    0.000000] Linux version 4.9.80-v7+ (dc4@dc4-XPS13-9333) (gcc version 4.9.3 (crosstool-NG crosstool-ng-1.22.0-88-g8460611) ) #1098 SMP Fri Mar 9 19:11:42 GMT 2018
Sep 25 03:30:14 Quigly kernel: [    0.000000] CPU: ARMv7 Processor [410fd034] revision 4 (ARMv7), cr=10c5383d
Sep 25 03:30:14 Quigly kernel: [    0.000000] CPU: div instructions available: patching division code
Sep 25 03:30:14 Quigly kernel: [    0.000000] CPU: PIPT / VIPT nonaliasing data cache, VIPT aliasing instruction cache
Sep 25 03:30:14 Quigly kernel: [    0.000000] OF: fdt:Machine model: Raspberry Pi 3 Model B Rev 1.2
Sep 25 03:30:14 Quigly kernel: [    0.000000] cma: Reserved 8 MiB at 0x36c00000
Sep 25 03:30:14 Quigly kernel: [    0.000000] Memory policy: Data cache writealloc
Sep 25 03:30:14 Quigly kernel: [    0.000000] On node 0 totalpages: 226816
Sep 25 03:30:14 Quigly kernel: [    0.000000] free_area_init_node: node 0, pgdat 80c6f800, node_mem_map b6432000
Sep 25 03:30:14 Quigly kernel: [    0.000000]   Normal zone: 1994 pages used for memmap
Sep 25 03:30:14 Quigly kernel: [    0.000000]   Normal zone: 0 pages reserved
Sep 25 03:30:14 Quigly kernel: [    0.000000]   Normal zone: 226816 pages, LIFO batch:31
Sep 25 03:30:14 Quigly kernel: [    0.000000] percpu: Embedded 14 pages/cpu @b75b0000 s25600 r8192 d23552 u57344
Sep 25 03:30:14 Quigly kernel: [    0.000000] pcpu-alloc: s25600 r8192 d23552 u57344 alloc=14*4096
Sep 25 03:30:14 Quigly kernel: [    0.000000] pcpu-alloc: [0] 0 [0] 1 [0] 2 [0] 3 
Sep 25 03:30:14 Quigly kernel: [    0.000000] Built 1 zonelists in Zone order, mobility grouping on.  Total pages: 224822
Sep 25 03:30:14 Quigly kernel: [    0.000000] Kernel command line: 8250.nr_uarts=1 bcm2708_fb.fbwidth=656 bcm2708_fb.fbheight=416 bcm2708_fb.fbswap=1 vc_mem.mem_base=0x3e200000 vc_mem.mem_size=0x3f600000  dwc_otg.lpm_enable=0 root=PARTUUID=bd278ae8-02 rootfstype=ext4 elevator=deadline fsck.repair=yes rootwait
Sep 25 03:30:14 Quigly kernel: [    0.000000] PID hash table entries: 4096 (order: 2, 16384 bytes)
Sep 25 03:30:14 Quigly kernel: [    0.000000] Dentry cache hash table entries: 131072 (order: 7, 524288 bytes)
Sep 25 03:30:14 Quigly kernel: [    0.000000] Inode-cache hash table entries: 65536 (order: 6, 262144 bytes)
Sep 25 03:30:14 Quigly kernel: [    0.000000] Memory: 877416K/907264K available (7168K kernel code, 487K rwdata, 2032K rodata, 1024K init, 770K bss, 21656K reserved, 8192K cma-reserved)
Sep 25 03:30:14 Quigly kernel: [    0.000000] Virtual kernel memory layout:
Sep 25 03:30:14 Quigly kernel: [    0.000000]     vector  : 0xffff0000 - 0xffff1000   (   4 kB)
Sep 25 03:30:14 Quigly kernel: [    0.000000]     fixmap  : 0xffc00000 - 0xfff00000   (3072 kB)
Sep 25 03:30:14 Quigly kernel: [    0.000000]     vmalloc : 0xb7800000 - 0xff800000   (1152 MB)
Sep 25 03:30:14 Quigly kernel: [    0.000000]     lowmem  : 0x80000000 - 0xb7600000   ( 886 MB)
Sep 25 03:30:14 Quigly kernel: [    0.000000]     modules : 0x7f000000 - 0x80000000   (  16 MB)
Sep 25 03:30:14 Quigly kernel: [    0.000000]       .text : 0x80008000 - 0x80800000   (8160 kB)
Sep 25 03:30:14 Quigly kernel: [    0.000000]       .init : 0x80b00000 - 0x80c00000   (1024 kB)
Sep 25 03:30:14 Quigly kernel: [    0.000000]       .data : 0x80c00000 - 0x80c79cbc   ( 488 kB)
Sep 25 03:30:14 Quigly kernel: [    0.000000]        .bss : 0x80c7b000 - 0x80d3b9e4   ( 771 kB)
Sep 25 03:30:14 Quigly kernel: [    0.000000] SLUB: HWalign=64, Order=0-3, MinObjects=0, CPUs=4, Nodes=1
Sep 25 03:30:14 Quigly kernel: [    0.000000] Hierarchical RCU implementation.
Sep 25 03:30:14 Quigly kernel: [    0.000000] 	Build-time adjustment of leaf fanout to 32.
Sep 25 03:30:14 Quigly kernel: [    0.000000] NR_IRQS:16 nr_irqs:16 16
Sep 25 03:30:14 Quigly kernel: [    0.000000] arm_arch_timer: Architected cp15 timer(s) running at 19.20MHz (phys).
Sep 25 03:30:14 Quigly kernel: [    0.000000] clocksource: arch_sys_counter: mask: 0xffffffffffffff max_cycles: 0x46d987e47, max_idle_ns: 440795202767 ns
Sep 25 03:30:14 Quigly kernel: [    0.000007] sched_clock: 56 bits at 19MHz, resolution 52ns, wraps every 4398046511078ns
Sep 25 03:30:14 Quigly kernel: [    0.000023] Switching to timer-based delay loop, resolution 52ns
Sep 25 03:30:14 Quigly kernel: [    0.000300] Console: colour dummy device 80x30
Sep 25 03:30:14 Quigly kernel: [    0.001180] console [tty0] enabled
Sep 25 03:30:14 Quigly kernel: [    0.001225] Calibrating delay loop (skipped), value calculated using timer frequency.. 38.40 BogoMIPS (lpj=192000)
Sep 25 03:30:14 Quigly kernel: [    0.001292] pid_max: default: 32768 minimum: 301
Sep 25 03:30:14 Quigly kernel: [    0.001627] Mount-cache hash table entries: 2048 (order: 1, 8192 bytes)
Sep 25 03:30:14 Quigly kernel: [    0.001670] Mountpoint-cache hash table entries: 2048 (order: 1, 8192 bytes)
Sep 25 03:30:14 Quigly kernel: [    0.002702] Disabling memory control group subsystem
Sep 25 03:30:14 Quigly kernel: [    0.002806] CPU: Testing write buffer coherency: ok
Sep 25 03:30:14 Quigly kernel: [    0.002870] ftrace: allocating 22627 entries in 67 pages
Sep 25 03:30:14 Quigly kernel: [    0.050554] CPU0: update cpu_capacity 1024
Sep 25 03:30:14 Quigly kernel: [    0.050604] CPU0: thread -1, cpu 0, socket 0, mpidr 80000000
Sep 25 03:30:14 Quigly kernel: [    0.050665] Setting up static identity map for 0x100000 - 0x100034
Sep 25 03:30:14 Quigly kernel: [    0.052524] CPU1: update cpu_capacity 1024
Sep 25 03:30:14 Quigly kernel: [    0.052531] CPU1: thread -1, cpu 1, socket 0, mpidr 80000001
Sep 25 03:30:14 Quigly kernel: [    0.053173] CPU2: update cpu_capacity 1024
Sep 25 03:30:14 Quigly kernel: [    0.053179] CPU2: thread -1, cpu 2, socket 0, mpidr 80000002
Sep 25 03:30:14 Quigly kernel: [    0.053806] CPU3: update cpu_capacity 1024
Sep 25 03:30:14 Quigly kernel: [    0.053813] CPU3: thread -1, cpu 3, socket 0, mpidr 80000003
Sep 25 03:30:14 Quigly kernel: [    0.053900] Brought up 4 CPUs
Sep 25 03:30:14 Quigly kernel: [    0.054073] SMP: Total of 4 processors activated (153.60 BogoMIPS).
Sep 25 03:30:14 Quigly kernel: [    0.054102] CPU: All CPU(s) started in HYP mode.
Sep 25 03:30:14 Quigly kernel: [    0.054128] CPU: Virtualization extensions available.
Sep 25 03:30:14 Quigly kernel: [    0.054946] devtmpfs: initialized
Sep 25 03:30:14 Quigly kernel: [    0.066017] VFP support v0.3: implementor 41 architecture 3 part 40 variant 3 rev 4
Sep 25 03:30:14 Quigly kernel: [    0.066340] clocksource: jiffies: mask: 0xffffffff max_cycles: 0xffffffff, max_idle_ns: 19112604462750000 ns
Sep 25 03:30:14 Quigly kernel: [    0.066401] futex hash table entries: 1024 (order: 4, 65536 bytes)
Sep 25 03:30:14 Quigly kernel: [    0.066965] pinctrl core: initialized pinctrl subsystem
Sep 25 03:30:14 Quigly kernel: [    0.067893] NET: Registered protocol family 16
Sep 25 03:30:14 Quigly kernel: [    0.070034] DMA: preallocated 1024 KiB pool for atomic coherent allocations
Sep 25 03:30:14 Quigly kernel: [    0.078847] hw-breakpoint: found 5 (+1 reserved) breakpoint and 4 watchpoint registers.
Sep 25 03:30:14 Quigly kernel: [    0.078896] hw-breakpoint: maximum watchpoint size is 8 bytes.
Sep 25 03:30:14 Quigly kernel: [    0.079071] Serial: AMBA PL011 UART driver
Sep 25 03:30:14 Quigly kernel: [    0.080975] bcm2835-mbox 3f00b880.mailbox: mailbox enabled
Sep 25 03:30:14 Quigly kernel: [    0.081530] uart-pl011 3f201000.serial: could not find pctldev for node /soc/gpio@7e200000/uart0_pins, deferring probe
Sep 25 03:30:14 Quigly kernel: [    0.151401] bcm2835-dma 3f007000.dma: DMA legacy API manager at b780d000, dmachans=0x1
Sep 25 03:30:14 Quigly kernel: [    0.153286] SCSI subsystem initialized
Sep 25 03:30:14 Quigly kernel: [    0.153609] usbcore: registered new interface driver usbfs
Sep 25 03:30:14 Quigly kernel: [    0.153713] usbcore: registered new interface driver hub
Sep 25 03:30:14 Quigly kernel: [    0.153831] usbcore: registered new device driver usb
Sep 25 03:30:14 Quigly kernel: [    0.160371] raspberrypi-firmware soc:firmware: Attached to firmware from 2018-03-13 18:52
Sep 25 03:30:14 Quigly kernel: [    0.161717] clocksource: Switched to clocksource arch_sys_counter
Sep 25 03:30:14 Quigly kernel: [    0.209159] VFS: Disk quotas dquot_6.6.0
Sep 25 03:30:14 Quigly kernel: [    0.209271] VFS: Dquot-cache hash table entries: 1024 (order 0, 4096 bytes)
Sep 25 03:30:14 Quigly kernel: [    0.209502] FS-Cache: Loaded
Sep 25 03:30:14 Quigly kernel: [    0.209768] CacheFiles: Loaded
Sep 25 03:30:14 Quigly kernel: [    0.221952] NET: Registered protocol family 2
Sep 25 03:30:14 Quigly kernel: [    0.222853] TCP established hash table entries: 8192 (order: 3, 32768 bytes)
Sep 25 03:30:14 Quigly kernel: [    0.222990] TCP bind hash table entries: 8192 (order: 4, 65536 bytes)
Sep 25 03:30:14 Quigly kernel: [    0.223201] TCP: Hash tables configured (established 8192 bind 8192)
Sep 25 03:30:14 Quigly kernel: [    0.223314] UDP hash table entries: 512 (order: 2, 16384 bytes)
Sep 25 03:30:14 Quigly kernel: [    0.223380] UDP-Lite hash table entries: 512 (order: 2, 16384 bytes)
Sep 25 03:30:14 Quigly kernel: [    0.223612] NET: Registered protocol family 1
Sep 25 03:30:14 Quigly kernel: [    0.224055] RPC: Registered named UNIX socket transport module.
Sep 25 03:30:14 Quigly kernel: [    0.224088] RPC: Registered udp transport module.
Sep 25 03:30:14 Quigly kernel: [    0.224116] RPC: Registered tcp transport module.
Sep 25 03:30:14 Quigly kernel: [    0.224143] RPC: Registered tcp NFSv4.1 backchannel transport module.
Sep 25 03:30:14 Quigly kernel: [    0.225058] hw perfevents: enabled with armv7_cortex_a7 PMU driver, 7 counters available
Sep 25 03:30:14 Quigly kernel: [    0.227380] workingset: timestamp_bits=14 max_order=18 bucket_order=4
Sep 25 03:30:14 Quigly kernel: [    0.243441] FS-Cache: Netfs 'nfs' registered for caching
Sep 25 03:30:14 Quigly kernel: [    0.244446] NFS: Registering the id_resolver key type
Sep 25 03:30:14 Quigly kernel: [    0.244500] Key type id_resolver registered
Sep 25 03:30:14 Quigly kernel: [    0.244529] Key type id_legacy registered
Sep 25 03:30:14 Quigly kernel: [    0.246943] Block layer SCSI generic (bsg) driver version 0.4 loaded (major 251)
Sep 25 03:30:14 Quigly kernel: [    0.247095] io scheduler noop registered
Sep 25 03:30:14 Quigly kernel: [    0.247126] io scheduler deadline registered (default)
Sep 25 03:30:14 Quigly kernel: [    0.247406] io scheduler cfq registered
Sep 25 03:30:14 Quigly kernel: [    0.253075] BCM2708FB: allocated DMA memory f6d10000
Sep 25 03:30:14 Quigly kernel: [    0.253126] BCM2708FB: allocated DMA channel 0 @ b780d000
Sep 25 03:30:14 Quigly kernel: [    0.261848] Console: switching to colour frame buffer device 82x26
Sep 25 03:30:14 Quigly kernel: [    0.269290] Serial: 8250/16550 driver, 1 ports, IRQ sharing enabled
Sep 25 03:30:14 Quigly kernel: [    0.273175] bcm2835-rng 3f104000.rng: hwrng registered
Sep 25 03:30:14 Quigly kernel: [    0.275563] vc-mem: phys_addr:0x00000000 mem_base=0x3e200000 mem_size:0x3f600000(1014 MiB)
Sep 25 03:30:14 Quigly kernel: [    0.280847] vc-sm: Videocore shared memory driver
Sep 25 03:30:14 Quigly kernel: [    0.298268] brd: module loaded
Sep 25 03:30:14 Quigly systemd[1]: Started System Logging Service.
Sep 25 03:30:14 Quigly kernel: [    0.309474] loop: module loaded
Sep 25 03:30:14 Quigly kernel: [    0.311862] Loading iSCSI transport class v2.0-870.
Sep 25 03:30:14 Quigly kernel: [    0.314884] libphy: Fixed MDIO Bus: probed
Sep 25 03:30:14 Quigly kernel: [    0.317246] usbcore: registered new interface driver lan78xx
Sep 25 03:30:14 Quigly kernel: [    0.319621] usbcore: registered new interface driver smsc95xx
Sep 25 03:30:14 Quigly kernel: [    0.321878] dwc_otg: version 3.00a 10-AUG-2012 (platform bus)
Sep 25 03:30:14 Quigly kernel: [    0.552214] Core Release: 2.80a
Sep 25 03:30:14 Quigly kernel: [    0.554430] Setting default values for core params
Sep 25 03:30:14 Quigly kernel: [    0.556624] Finished setting default values for core params
Sep 25 03:30:14 Quigly kernel: [    0.759215] Using Buffer DMA mode
Sep 25 03:30:14 Quigly kernel: [    0.761416] Periodic Transfer Interrupt Enhancement - disabled
Sep 25 03:30:14 Quigly kernel: [    0.763738] Multiprocessor Interrupt Enhancement - disabled
Sep 25 03:30:14 Quigly kernel: [    0.766059] OTG VER PARAM: 0, OTG VER FLAG: 0
Sep 25 03:30:14 Quigly kernel: [    0.768411] Dedicated Tx FIFOs mode
Sep 25 03:30:14 Quigly kernel: [    0.771018] WARN::dwc_otg_hcd_init:1032: FIQ DMA bounce buffers: virt = 0xb6d04000 dma = 0xf6d04000 len=9024
Sep 25 03:30:14 Quigly kernel: [    0.775754] FIQ FSM acceleration enabled for :
Sep 25 03:30:14 Quigly kernel: [    0.775754] Non-periodic Split Transactions
Sep 25 03:30:14 Quigly kernel: [    0.775754] Periodic Split Transactions
Sep 25 03:30:14 Quigly kernel: [    0.775754] High-Speed Isochronous Endpoints
Sep 25 03:30:14 Quigly kernel: [    0.775754] Interrupt/Control Split Transaction hack enabled
Sep 25 03:30:14 Quigly kernel: [    0.786784] dwc_otg: Microframe scheduler enabled
Sep 25 03:30:14 Quigly kernel: [    0.786833] WARN::hcd_init_fiq:459: FIQ on core 1 at 0x8059b380
Sep 25 03:30:14 Quigly kernel: [    0.789113] WARN::hcd_init_fiq:460: FIQ ASM at 0x8059b6f0 length 36
Sep 25 03:30:14 Quigly kernel: [    0.791371] WARN::hcd_init_fiq:486: MPHI regs_base at 0xb7878000
Sep 25 03:30:14 Quigly kernel: [    0.793637] dwc_otg 3f980000.usb: DWC OTG Controller
Sep 25 03:30:14 Quigly kernel: [    0.795955] dwc_otg 3f980000.usb: new USB bus registered, assigned bus number 1
Sep 25 03:30:14 Quigly kernel: [    0.798315] dwc_otg 3f980000.usb: irq 62, io mem 0x00000000
Sep 25 03:30:14 Quigly kernel: [    0.800630] Init: Port Power? op_state=1
Sep 25 03:30:14 Quigly kernel: [    0.802903] Init: Power Port (0)
Sep 25 03:30:14 Quigly kernel: [    0.805285] usb usb1: New USB device found, idVendor=1d6b, idProduct=0002
Sep 25 03:30:14 Quigly kernel: [    0.807593] usb usb1: New USB device strings: Mfr=3, Product=2, SerialNumber=1
Sep 25 03:30:14 Quigly kernel: [    0.809889] usb usb1: Product: DWC OTG Controller
Sep 25 03:30:14 Quigly kernel: [    0.812153] usb usb1: Manufacturer: Linux 4.9.80-v7+ dwc_otg_hcd
Sep 25 03:30:14 Quigly kernel: [    0.814426] usb usb1: SerialNumber: 3f980000.usb
Sep 25 03:30:14 Quigly kernel: [    0.817501] hub 1-0:1.0: USB hub found
Sep 25 03:30:14 Quigly kernel: [    0.819701] hub 1-0:1.0: 1 port detected
Sep 25 03:30:14 Quigly kernel: [    0.822390] dwc_otg: FIQ enabled
Sep 25 03:30:14 Quigly kernel: [    0.822394] dwc_otg: NAK holdoff enabled
Sep 25 03:30:14 Quigly kernel: [    0.822398] dwc_otg: FIQ split-transaction FSM enabled
Sep 25 03:30:14 Quigly kernel: [    0.822410] Module dwc_common_port init
Sep 25 03:30:14 Quigly kernel: [    0.822633] usbcore: registered new interface driver usb-storage
Sep 25 03:30:14 Quigly kernel: [    0.824958] mousedev: PS/2 mouse device common for all mice
Sep 25 03:30:14 Quigly kernel: [    0.828047] bcm2835-wdt 3f100000.watchdog: Broadcom BCM2835 watchdog timer
Sep 25 03:30:14 Quigly kernel: [    0.830574] bcm2835-cpufreq: min=600000 max=1200000
Sep 25 03:30:14 Quigly kernel: [    0.833254] sdhci: Secure Digital Host Controller Interface driver
Sep 25 03:30:14 Quigly kernel: [    0.835563] sdhci: Copyright(c) Pierre Ossman
Sep 25 03:30:14 Quigly kernel: [    0.838083] sdhost-bcm2835 3f202000.sdhost: could not get clk, deferring probe
Sep 25 03:30:14 Quigly kernel: [    0.842647] mmc-bcm2835 3f300000.mmc: could not get clk, deferring probe
Sep 25 03:30:14 Quigly kernel: [    0.845183] sdhci-pltfm: SDHCI platform and OF driver helper
Sep 25 03:30:14 Quigly kernel: [    0.849058] ledtrig-cpu: registered to indicate activity on CPUs
Sep 25 03:30:14 Quigly kernel: [    0.851725] hidraw: raw HID events driver (C) Jiri Kosina
Sep 25 03:30:14 Quigly kernel: [    0.854395] usbcore: registered new interface driver usbhid
Sep 25 03:30:14 Quigly kernel: [    0.856848] usbhid: USB HID core driver
Sep 25 03:30:14 Quigly kernel: [    0.860081] vchiq: vchiq_init_state: slot_zero = 0xb6d80000, is_master = 0
Sep 25 03:30:14 Quigly kernel: [    0.863966] [vc_sm_connected_init]: start
Sep 25 03:30:14 Quigly kernel: [    0.872991] [vc_sm_connected_init]: end - returning 0
Sep 25 03:30:14 Quigly kernel: [    0.875803] Initializing XFRM netlink socket
Sep 25 03:30:14 Quigly kernel: [    0.878248] NET: Registered protocol family 17
Sep 25 03:30:14 Quigly kernel: [    0.880779] Key type dns_resolver registered
Sep 25 03:30:14 Quigly kernel: [    0.883532] Registering SWP/SWPB emulation handler
Sep 25 03:30:14 Quigly kernel: [    0.886721] registered taskstats version 1
Sep 25 03:30:14 Quigly kernel: [    0.894483] uart-pl011 3f201000.serial: cts_event_workaround enabled
Sep 25 03:30:14 Quigly kernel: [    0.897054] 3f201000.serial: ttyAMA0 at MMIO 0x3f201000 (irq = 87, base_baud = 0) is a PL011 rev2
Sep 25 03:30:14 Quigly kernel: [    0.903653] sdhost: log_buf @ b6d07000 (f6d07000)
Sep 25 03:30:14 Quigly kernel: [    0.981746] mmc0: sdhost-bcm2835 loaded - DMA enabled (>1)
Sep 25 03:30:14 Quigly kernel: [    0.986461] mmc-bcm2835 3f300000.mmc: mmc_debug:0 mmc_debug2:0
Sep 25 03:30:14 Quigly kernel: [    0.988948] mmc-bcm2835 3f300000.mmc: DMA channel allocated
Sep 25 03:30:14 Quigly kernel: [    1.041900] Indeed it is in host mode hprt0 = 00021501
Sep 25 03:30:14 Quigly kernel: [    1.104408] of_cfs_init
Sep 25 03:30:14 Quigly kernel: [    1.106803] of_cfs_init: OK
Sep 25 03:30:14 Quigly kernel: [    1.109486] Waiting for root device PARTUUID=bd278ae8-02...
Sep 25 03:30:14 Quigly kernel: [    1.115043] mmc0: host does not support reading read-only switch, assuming write-enable
Sep 25 03:30:14 Quigly kernel: [    1.121428] mmc0: Problem switching card into high-speed mode!
Sep 25 03:30:14 Quigly kernel: [    1.124707] mmc0: new SDHC card at address 0001
Sep 25 03:30:14 Quigly kernel: [    1.127755] mmcblk0: mmc0:0001 SD 7.39 GiB
Sep 25 03:30:14 Quigly kernel: [    1.131166] random: fast init done
Sep 25 03:30:14 Quigly kernel: [    1.133619]  mmcblk0: p1 p2
Sep 25 03:30:14 Quigly kernel: [    1.139940] mmc1: queuing unknown CIS tuple 0x80 (2 bytes)
Sep 25 03:30:14 Quigly kernel: [    1.143868] mmc1: queuing unknown CIS tuple 0x80 (3 bytes)
Sep 25 03:30:14 Quigly kernel: [    1.147694] mmc1: queuing unknown CIS tuple 0x80 (3 bytes)
Sep 25 03:30:14 Quigly kernel: [    1.152660] mmc1: queuing unknown CIS tuple 0x80 (7 bytes)
Sep 25 03:30:14 Quigly kernel: [    1.241754] usb 1-1: new high-speed USB device number 2 using dwc_otg
Sep 25 03:30:14 Quigly kernel: [    1.243925] Indeed it is in host mode hprt0 = 00001101
Sep 25 03:30:14 Quigly kernel: [    1.251651] EXT4-fs (mmcblk0p2): mounted filesystem with ordered data mode. Opts: (null)
Sep 25 03:30:14 Quigly kernel: [    1.255823] VFS: Mounted root (ext4 filesystem) readonly on device 179:2.
Sep 25 03:30:14 Quigly kernel: [    1.272766] devtmpfs: mounted
Sep 25 03:30:14 Quigly kernel: [    1.307713] Freeing unused kernel memory: 1024K
Sep 25 03:30:14 Quigly kernel: [    1.309753] mmc1: new high speed SDIO card at address 0001
Sep 25 03:30:14 Quigly kernel: [    1.472022] usb 1-1: New USB device found, idVendor=0424, idProduct=9514
Sep 25 03:30:14 Quigly kernel: [    1.474430] usb 1-1: New USB device strings: Mfr=0, Product=0, SerialNumber=0
Sep 25 03:30:14 Quigly kernel: [    1.477577] hub 1-1:1.0: USB hub found
Sep 25 03:30:14 Quigly kernel: [    1.479880] hub 1-1:1.0: 5 ports detected
Sep 25 03:30:14 Quigly kernel: [    1.801773] usb 1-1.1: new high-speed USB device number 3 using dwc_otg
Sep 25 03:30:14 Quigly kernel: [    1.932046] usb 1-1.1: New USB device found, idVendor=0424, idProduct=ec00
Sep 25 03:30:14 Quigly kernel: [    1.934328] usb 1-1.1: New USB device strings: Mfr=0, Product=0, SerialNumber=0
Sep 25 03:30:14 Quigly kernel: [    1.939513] smsc95xx v1.0.5
Sep 25 03:30:14 Quigly kernel: [    2.035351] smsc95xx 1-1.1:1.0 eth0: register 'smsc95xx' at usb-3f980000.usb-1.1, smsc95xx USB 2.0 Ethernet, b8:27:eb:ba:79:d5
Sep 25 03:30:14 Quigly kernel: [    2.331759] usb 1-1.4: new high-speed USB device number 4 using dwc_otg
Sep 25 03:30:14 Quigly kernel: [    2.357957] NET: Registered protocol family 10
Sep 25 03:30:14 Quigly kernel: [    2.377262] ip_tables: (C) 2000-2006 Netfilter Core Team
Sep 25 03:30:14 Quigly kernel: [    2.523759] usb 1-1.4: New USB device found, idVendor=090c, idProduct=1000
Sep 25 03:30:14 Quigly kernel: [    2.526933] usb 1-1.4: New USB device strings: Mfr=1, Product=2, SerialNumber=3
Sep 25 03:30:14 Quigly kernel: [    2.529923] usb 1-1.4: Product: USB Flash Disk
Sep 25 03:30:14 Quigly kernel: [    2.532915] usb 1-1.4: Manufacturer: General
Sep 25 03:30:14 Quigly kernel: [    2.536096] usb 1-1.4: SerialNumber: 04XLHF9DARU0PG79
Sep 25 03:30:14 Quigly kernel: [    2.540877] usb-storage 1-1.4:1.0: USB Mass Storage device detected
Sep 25 03:30:14 Quigly kernel: [    2.544816] scsi host0: usb-storage 1-1.4:1.0
Sep 25 03:30:14 Quigly kernel: [    3.425794] i2c /dev entries driver
Sep 25 03:30:14 Quigly kernel: [    3.488243] fuse init (API version 7.26)
Sep 25 03:30:14 Quigly kernel: [    3.992898] EXT4-fs (mmcblk0p2): re-mounted. Opts: (null)
Sep 25 03:30:14 Quigly kernel: [    4.019611] scsi 0:0:0:0: Direct-Access     General  USB Flash Disk   1100 PQ: 0 ANSI: 4
Sep 25 03:30:14 Quigly kernel: [    4.024022] sd 0:0:0:0: [sda] 15669248 512-byte logical blocks: (8.02 GB/7.47 GiB)
Sep 25 03:30:14 Quigly kernel: [    4.025227] sd 0:0:0:0: [sda] Write Protect is off
Sep 25 03:30:14 Quigly kernel: [    4.025245] sd 0:0:0:0: [sda] Mode Sense: 43 00 00 00
Sep 25 03:30:14 Quigly kernel: [    4.030005] sd 0:0:0:0: [sda] Write cache: enabled, read cache: enabled, doesn't support DPO or FUA
Sep 25 03:30:14 Quigly kernel: [    4.054389]  sda: sda1
Sep 25 03:30:14 Quigly kernel: [    4.060536] sd 0:0:0:0: [sda] Attached SCSI removable disk
Sep 25 03:30:14 Quigly kernel: [    4.280229] sd 0:0:0:0: Attached scsi generic sg0 type 0
Sep 25 03:30:14 Quigly kernel: [    4.677992] gpiomem-bcm2835 3f200000.gpiomem: Initialised: Registers at 0x3f200000
Sep 25 03:30:14 Quigly kernel: [    5.313536] brcmfmac: F1 signature read @0x18000000=0x1541a9a6
Sep 25 03:30:14 Quigly kernel: [    5.320537] usbcore: registered new interface driver brcmfmac
Sep 25 03:30:14 Quigly kernel: [    5.645859] brcmfmac: Firmware version = wl0: Oct 23 2017 03:55:53 version 7.45.98.38 (r674442 CY) FWID 01-e58d219f
Sep 25 03:30:14 Quigly kernel: [    5.646608] brcmfmac: brcmf_c_preinit_dcmds: CLM version = API: 12.2 Data: 7.11.15 Compiler: 1.24.2 ClmImport: 1.24.1 Creation: 2014-05-26 10:53:55 Inc Data: 9.10.39 Inc Compiler: 1.29.4 Inc ClmImport: 1.36.3 Creation: 2017-10-23 03:47:14 
Sep 25 03:30:14 Quigly kernel: [    5.671198] random: crng init done
Sep 25 03:30:14 Quigly kernel: [    6.145697] IPv6: ADDRCONF(NETDEV_UP): wlan0: link is not ready
Sep 25 03:30:14 Quigly kernel: [    6.145710] brcmfmac: power management disabled
Sep 25 03:30:14 Quigly kernel: [    6.374438] nf_conntrack version 0.5.0 (14336 buckets, 57344 max)
Sep 25 03:30:14 Quigly kernel: [    6.515079] smsc95xx 1-1.1:1.0 eth0: hardware isn't capable of remote wakeup
Sep 25 03:30:14 Quigly kernel: [    6.515251] IPv6: ADDRCONF(NETDEV_UP): eth0: link is not ready
Sep 25 03:30:14 Quigly avahi-daemon[444]: Successfully called chroot().
Sep 25 03:30:14 Quigly avahi-daemon[444]: Successfully dropped remaining capabilities.
Sep 25 03:30:14 Quigly avahi-daemon[444]: No service file found in /etc/avahi/services.
Sep 25 03:30:14 Quigly avahi-daemon[444]: Joining mDNS multicast group on interface wlan0.IPv4 with address 10.10.10.10.
Sep 25 03:30:14 Quigly avahi-daemon[444]: New relevant interface wlan0.IPv4 for mDNS.
Sep 25 03:30:14 Quigly avahi-daemon[444]: Network interface enumeration completed.
Sep 25 03:30:14 Quigly avahi-daemon[444]: Registering new address record for 10.10.10.10 on wlan0.IPv4.
Sep 25 03:30:14 Quigly motion[372]: Starting motion detection daemon: motion.
Sep 25 03:30:14 Quigly systemd[1]: Started LSB: Start Motion detection.
Sep 25 03:30:15 Quigly sh[284]: wlan0=wlan0
Sep 25 03:30:15 Quigly dphys-swapfile[380]: Starting dphys-swapfile swapfile setup ...
Sep 25 03:30:15 Quigly systemd[1]: Started Avahi mDNS/DNS-SD Stack.
Sep 25 03:30:15 Quigly systemd[1]: Starting Load/Save RF Kill Switch Status...
Sep 25 03:30:15 Quigly raspi-config[443]: Checking if shift key is held down:Error opening '/dev/input/event*': No such file or directory
Sep 25 03:30:15 Quigly systemd[1]: Started Login Service.
Sep 25 03:30:15 Quigly raspi-config[443]:  No. Switching to ondemand scaling governor.
Sep 25 03:30:15 Quigly systemd[1]: Started LSB: Switch to ondemand cpu governor (unless shift key is pressed).
Sep 25 03:30:15 Quigly systemd[1]: Started Load/Save RF Kill Switch Status.
Sep 25 03:30:15 Quigly kernel: [    7.808521] lirc_dev: IR Remote Control driver registered, major 243
Sep 25 03:30:15 Quigly systemd[1]: Started Raise network interfaces.
Sep 25 03:30:15 Quigly systemd[1]: Reached target Network.
Sep 25 03:30:15 Quigly systemd[1]: Starting dnsmasq - A lightweight DHCP and caching DNS server...
Sep 25 03:30:15 Quigly systemd[1]: Reached target Network is Online.
Sep 25 03:30:15 Quigly systemd[1]: Starting /etc/rc.local Compatibility...
Sep 25 03:30:15 Quigly systemd[1]: Starting LSB: Advanced IEEE 802.11 management daemon...
Sep 25 03:30:15 Quigly systemd[1]: Starting Permit User Sessions...
Sep 25 03:30:15 Quigly systemd[1]: Started Permit User Sessions.
Sep 25 03:30:15 Quigly kernel: [    7.905884] lirc_rpi: module is from the staging directory, the quality is unknown, you have been warned.
Sep 25 03:30:15 Quigly kernel: [    7.906893] lirc_rpi: gpio chip not found!
Sep 25 03:30:15 Quigly systemd[1]: Started /etc/rc.local Compatibility.
Sep 25 03:30:15 Quigly bash[393]: Removing USB-Drive symlinks for user=jupyter
Sep 25 03:30:15 Quigly systemd[1]: Starting Terminate Plymouth Boot Screen...
Sep 25 03:30:15 Quigly systemd[1]: Starting Hold until boot process finishes up...
Sep 25 03:30:15 Quigly lirc[378]: Loading LIRC modules:.
Sep 25 03:30:15 Quigly lircd-0.9.0-pre1[564]: lircd(default) ready, using /var/run/lirc/lircd
Sep 25 03:30:15 Quigly lircd[442]: Starting remote control daemon: LIRCD.
Sep 25 03:30:15 Quigly bash[393]: ========================================
Sep 25 03:30:15 Quigly systemd[1]: Received SIGRTMIN+21 from PID 203 (plymouthd).
Sep 25 03:30:15 Quigly lirc[378]: Unable to load LIRC kernel modules. Verify your ... failed!
Sep 25 03:30:15 Quigly dphys-swapfile[380]: want /var/swap=100MByte, checking existing: keeping it
Sep 25 03:30:15 Quigly lirc[378]: selected kernel modules in /etc/lirc/hardware.conf ...error: unexpectedly disconnected from boot status daemon
Sep 25 03:30:15 Quigly lirc[378]:  failed!
Sep 25 03:30:15 Quigly systemd[1]: Started Terminate Plymouth Boot Screen.
Sep 25 03:30:15 Quigly systemd[1]: Started Hold until boot process finishes up.
Sep 25 03:30:15 Quigly systemd[1]: Started Getty on tty1.
Sep 25 03:30:15 Quigly systemd[1]: Reached target Login Prompts.
Sep 25 03:30:15 Quigly systemd[1]: Started LSB: Starts the LIRCD daemon..
Sep 25 03:30:15 Quigly systemd[1]: Starting LSB: Starts the LIRCMD mouse daemon....
Sep 25 03:30:15 Quigly kernel: [    8.128633] Adding 102396k swap on /var/swap.  Priority:-1 extents:1 across:102396k SSFS
Sep 25 03:30:15 Quigly dphys-swapfile[380]: done.
Sep 25 03:30:15 Quigly systemd[1]: Started LSB: Autogenerate and use a swap file.
Sep 25 03:30:15 Quigly systemd[1]: Started LSB: Starts the LIRCMD mouse daemon..
Sep 25 03:30:15 Quigly lircd-0.9.0-pre1[564]: accepted new client on /var/run/lirc/lircd
Sep 25 03:30:15 Quigly lircd-0.9.0-pre1[564]: could not get file information for /dev/lirc
Sep 25 03:30:15 Quigly lircd-0.9.0-pre1[564]: default_init(): No such file or directory
Sep 25 03:30:15 Quigly lirc[378]: Starting execution daemon: irexec:.
Sep 25 03:30:15 Quigly systemd[1]: Started LSB: Starts LIRC daemon..
Sep 25 03:30:15 Quigly lircd-0.9.0-pre1[564]: Failed to initialize hardware
Sep 25 03:30:15 Quigly bash[393]: Checking for zombie media points..
Sep 25 03:30:15 Quigly bash[393]: -----------------------
Sep 25 03:30:15 Quigly systemd[1]: Started devmon Service.
Sep 25 03:30:15 Quigly avahi-daemon[444]: Server startup complete. Host name is Quigly.local. Local service cookie is 2326998016.
Sep 25 03:30:15 Quigly dnsmasq[528]: dnsmasq: syntax check OK.
Sep 25 03:30:15 Quigly hostapd[530]: Starting advanced IEEE 802.11 management: hostapd.
Sep 25 03:30:15 Quigly systemd[1]: Started LSB: Advanced IEEE 802.11 management daemon.
Sep 25 03:30:16 Quigly kernel: [    8.803816] IPv6: ADDRCONF(NETDEV_CHANGE): wlan0: link becomes ready
Sep 25 03:30:16 Quigly dnsmasq[632]: started, version 2.76 cachesize 150
Sep 25 03:30:16 Quigly dnsmasq[632]: compile time options: IPv6 GNU-getopt DBus i18n IDN DHCP DHCPv6 no-Lua TFTP conntrack ipset auth DNSSEC loop-detect inotify
Sep 25 03:30:16 Quigly dnsmasq[632]: warning: ignoring resolv-file flag because no-resolv is set
Sep 25 03:30:16 Quigly dnsmasq-dhcp[632]: DHCP, IP range 10.10.10.11 -- 10.10.10.254, lease time 2h
Sep 25 03:30:16 Quigly dnsmasq[632]: using nameserver 8.8.4.4#53
Sep 25 03:30:16 Quigly dnsmasq[632]: using nameserver 8.8.8.8#53
Sep 25 03:30:16 Quigly dnsmasq[632]: read /etc/hosts - 7 addresses
Sep 25 03:30:16 Quigly dnsmasq[633]: Too few arguments.
Sep 25 03:30:16 Quigly systemd[1]: Started dnsmasq - A lightweight DHCP and caching DNS server.
Sep 25 03:30:16 Quigly systemd[1]: Reached target Host and Network Name Lookups.
Sep 25 03:30:16 Quigly systemd[1]: Reached target Multi-User System.
Sep 25 03:30:16 Quigly systemd[1]: Reached target Graphical Interface.
Sep 25 03:30:16 Quigly systemd[1]: Starting Update UTMP about System Runlevel Changes...
Sep 25 03:30:16 Quigly systemd[1]: Started Update UTMP about System Runlevel Changes.
Sep 25 03:30:16 Quigly dhclient[332]: DHCPDISCOVER on eth0 to 255.255.255.255 port 67 interval 6
Sep 25 03:30:16 Quigly sh[277]: DHCPDISCOVER on eth0 to 255.255.255.255 port 67 interval 6
Sep 25 03:30:17 Quigly python[386]: autodetect
Sep 25 03:30:17 Quigly python[386]: Cleaning SPI
Sep 25 03:30:17 Quigly python[386]: Detecting GoPiGo3
Sep 25 03:30:17 Quigly python[386]: Found GoPiGo3
Sep 25 03:30:17 Quigly python[386]: Found GoPiGo3.
Sep 25 03:30:17 Quigly python[386]: run_autodetect/ Detected robot: GoPiGo3
Sep 25 03:30:17 Quigly systemd[1]: Started Robot Detection And Maintenance.
Sep 25 03:30:17 Quigly systemd[1]: Starting Update...
Sep 25 03:30:17 Quigly env[706]: still waiting for devmon service to mount something
Sep 25 03:30:18 Quigly avahi-daemon[444]: Joining mDNS multicast group on interface wlan0.IPv6 with address fe80::ba27:ebff:feef:2c80.
Sep 25 03:30:18 Quigly avahi-daemon[444]: New relevant interface wlan0.IPv6 for mDNS.
Sep 25 03:30:18 Quigly avahi-daemon[444]: Registering new address record for fe80::ba27:ebff:feef:2c80 on wlan0.*.
Sep 25 03:30:18 Quigly devmon[598]: device: [/dev/sda1]
Sep 25 03:30:18 Quigly devmon[598]:     systeminternal: [0]
Sep 25 03:30:18 Quigly devmon[598]:     usage:          [filesystem]
Sep 25 03:30:18 Quigly devmon[598]:     type:           [vfat]
Sep 25 03:30:18 Quigly devmon[598]:     label:          [DISK_IMG]
Sep 25 03:30:18 Quigly devmon[598]:     ismounted:      [0]
Sep 25 03:30:18 Quigly devmon[598]:     nopolicy:       [0]
Sep 25 03:30:18 Quigly devmon[598]:     hasmedia:       [1]
Sep 25 03:30:18 Quigly devmon[598]:     opticaldisc:    []
Sep 25 03:30:18 Quigly devmon[598]:     numaudiotracks: []
Sep 25 03:30:18 Quigly devmon[598]:     blank:          []
Sep 25 03:30:18 Quigly devmon[598]:     media:          []
Sep 25 03:30:18 Quigly devmon[598]:     partition:      [1]
Sep 25 03:30:18 Quigly devmon[598]: devmon: /usr/bin/udevil --mount /dev/sda1 --mount-options "noexec,nosuid,nodev,noatime"    # (DISK_IMG)
Sep 25 03:30:18 Quigly motion: [0:motion] [NTC] [ALL] conf_load: Processing thread 0 - config file /etc/motion/motion.conf
Sep 25 03:30:18 Quigly motion: [0:motion] [ALR] [ALL] conf_cmdparse: Unknown config option "ffmpeg_deinterlace"
Sep 25 03:30:18 Quigly motion: [0:motion] [ALR] [ALL] conf_cmdparse: Unknown config option "sdl_threadnr"
Sep 25 03:30:18 Quigly motion: [0:motion] [NTC] [ALL] motion_startup: Motion 4.0 Started
Sep 25 03:30:18 Quigly motion: [0:motion] [NTC] [ALL] motion_startup: Logging to syslog
Sep 25 03:30:18 Quigly motion: [0:motion] [NTC] [ALL] motion_startup: Using log type (ALL) log level (ERR)
Sep 25 03:30:18 Quigly kernel: [   11.123255] FAT-fs (sda1): Volume was not properly unmounted. Some data may be corrupt. Please run fsck.
Sep 25 03:30:18 Quigly devmon[598]: Mounted /dev/sda1 at /media/DISK_IMG
Sep 25 03:30:18 Quigly motion: [1:ml1] [ALR] [VID] vid_v4lx_start: Failed to open video device /dev/video0: No such file or directory
Sep 25 03:30:18 Quigly env[382]: Running gpg3_power.sh
Sep 25 03:30:18 Quigly env[382]: gpg3_power.sh - gopigo3_power.py is not running
Sep 25 03:30:18 Quigly env[706]: devmon mounted a drive - wait 1 sec until USB device appears
Sep 25 03:30:19 Quigly env[391]: Continuous Logger
Sep 25 03:30:19 Quigly env[391]: Using usb key at /media/DISK_IMG
